// Jest Snapshot v1, https://goo.gl/fbAQLP

exports[`matches snapshot 1`] = `
<DocumentFragment>
  <div
    class="form"
  >
    <input
      data-testid="form-test"
      type="text"
      value=""
    />
  </div>
</DocumentFragment>
`;
